     Testing RheologyCalculator
      Status `C:\Users\Albert\AppData\Local\Temp\jl_htdubQ\Project.toml`
  [4c88cf16] Aqua v0.8.16
  [f6369f11] ForwardDiff v1.4.6
⌅ [c3a54625] JET v0.11.6
  [62cdc9a2] RheologyCalculator v0.2.1 `C:\Users\Albert\Documents\DevPkgs\RheologyCalculator.jl`
  [9f842d2f] SparseConnectivityTracer v1.2.3
  [90137ffa] StaticArrays v1.9.20
  [10745b16] Statistics v1.11.5
  [37e2e46d] LinearAlgebra v1.13.0
  [8dfed614] Test v1.11.0
      Status `C:\Users\Albert\AppData\Local\Temp\jl_htdubQ\Manifest.toml`
  [47edcb42] ADTypes v1.24.0
  [4c88cf16] Aqua v0.8.16
  [da1fd8a2] CodeTracking v3.0.2
  [bbf7d656] CommonSubexpressions v0.3.1
  [34da2185] Compat v4.18.1
  [807dbc54] Compiler v0.1.1
  [163ba53b] DiffResults v1.1.0
  [b552c78f] DiffRules v1.16.0
  [ffbed154] DocStringExtensions v0.9.5
  [1a297f60] FillArrays v1.17.0
  [f6369f11] ForwardDiff v1.4.6
  [92d709cd] IrrationalConstants v0.2.6
⌅ [c3a54625] JET v0.11.6
  [692b3bcd] JLLWrappers v1.8.0
  [aa1ae85d] JuliaInterpreter v0.11.4
  [70703baa] JuliaSyntax v1.0.2
  [2ab3a3ac] LogExpFunctions v1.0.1
  [6f1432cf] LoweredCodeUtils v3.8.0
  [1914dd2f] MacroTools v0.5.16
  [77ba4419] NaNMath v1.1.4
  [bac558e1] OrderedCollections v2.0.1
  [aea7be01] PrecompileTools v1.3.4
  [21216c6a] Preferences v1.6.0
  [295af30f] Revise v3.17.0
  [62cdc9a2] RheologyCalculator v0.2.1 `C:\Users\Albert\Documents\DevPkgs\RheologyCalculator.jl`
  [9f842d2f] SparseConnectivityTracer v1.2.3
  [276daf66] SpecialFunctions v2.9.0
  [90137ffa] StaticArrays v1.9.20
  [1e83bf80] StaticArraysCore v1.4.4
  [10745b16] Statistics v1.11.5
  [efe28fd5] OpenSpecFun_jll v0.5.6+0
  [0dad84c5] ArgTools v1.1.2
  [56f22d72] Artifacts v1.11.0
  [2a0f44e3] Base64 v1.11.0
  [8bf52ea8] CRC32c v1.11.0
  [ade2ca70] Dates v1.11.0
  [f43a241f] Downloads v1.7.0
  [7b1f6079] FileWatching v1.11.0
  [b77e0a4c] InteractiveUtils v1.11.0
  [ac6e5ff7] JuliaSyntaxHighlighting v1.12.0
  [b27032c2] LibCURL v1.0.0
  [76f85450] LibGit2 v1.11.0
  [8f399da3] Libdl v1.11.0
  [37e2e46d] LinearAlgebra v1.13.0
  [56ddb016] Logging v1.11.0
  [d6f4376e] Markdown v1.11.0
  [ca575930] NetworkOptions v1.3.0
  [44cfe95a] Pkg v1.13.0
  [de0858da] Printf v1.11.0
  [3fa0cd96] REPL v1.11.0
  [9a3f8284] Random v1.11.0
  [ea8e919c] SHA v1.0.0
  [9e88b42a] Serialization v1.11.0
  [6462fe0b] Sockets v1.11.0
  [2f01184e] SparseArrays v1.13.0
  [f489334b] StyledStrings v1.11.0
  [fa267f1f] TOML v1.0.3
  [a4e569a6] Tar v1.10.0
  [8dfed614] Test v1.11.0
  [cf7118a7] UUIDs v1.11.0
  [4ec0a83e] Unicode v1.11.0
  [e66e0078] CompilerSupportLibraries_jll v1.5.5+2
  [deac9b47] LibCURL_jll v8.18.0+1
  [e37daf67] LibGit2_jll v1.9.1+0
  [29816b5a] LibSSH2_jll v1.11.103+0
  [14a3606d] MozillaCACerts_jll v2026.8.13
  [4536629a] OpenBLAS_jll v0.3.30+0
  [05823500] OpenLibm_jll v0.8.7+0
  [458c3c95] OpenSSL_jll v3.5.6+0
  [efcefdf7] PCRE2_jll v10.46.0+0
  [bea87d4a] SuiteSparse_jll v7.10.1+0
  [83775a58] Zlib_jll v1.3.1+2
  [3161d3a3] Zstd_jll v1.5.7+1
  [8e850b90] libblastrampoline_jll v5.15.0+0
  [8e850ede] nghttp2_jll v1.67.1+0
  [3f19e933] p7zip_jll v17.8.2+0
        Info Packages marked with ⌅ have new versions available but compatibility constraints restrict them from upgrading.
     Testing Running tests...
Test Summary: | Pass  Total  Time
allocations   |   37     37  4.9s
     Testing RheologyCalculator tests passed 
